// Jest Snapshot v1, https://goo.gl/fbAQLP

exports[`ColorPicker component can parse strings containing valid color keywords (CSS Colors Level 3) can parse color name, regardless of letter-case: fuchsia/Fuchsia/FUCHSIA: initial-state 1`] = `
<body>
  <div>
    <input
      style="display: none;"
      type="color"
    />
     
    <div
      class="color-picker svelte-1isu17t"
      data-testid="test-picker"
    >
      <div
        class="picker-left-col svelte-1isu17t"
      >
        <div
          class="relative inline-block text-left flex-initial svelte-1sobnzl"
          data-testid="select-color-space"
          style="width: 100%; margin: 0px;"
        >
          <div>
            <button
              aria-expanded="false"
              aria-haspopup="true"
              class="font-medium inline-flex items-center justify-between gap-2.5 w-full border-0 rounded-md shadow-sm focus:outline-none focus:ring-2 focus:ring-offset-2 focus:ring-offset-gray-100 focus:ring-gray-800 open-list-button svelte-1sobnzl"
              data-testid="select-color-space-open-list-button"
              id="select-color-space-open-list-button"
              style="font-size: 0.875rem; height: 36px; padding: 10px 8px;"
              type="button"
            >
              <span
                class="leading-none whitespace-nowrap mx-auto"
              >
                RGB
              </span>
               
              <div
                style="width: 0.875rem; height: 0.875rem;"
              >
                <svg
                  class="svelte-q1wtpt"
                  viewBox="0 0 320 512"
                  xmlns="http://www.w3.org/2000/svg"
                >
                  
                  <path
                    d="M31.3 192h257.3c17.8 0 26.7 21.5 14.1 34.1L174.1 354.8c-7.8 7.8-20.5 7.8-28.3 0L17.2 226.1C4.6 213.5 13.5 192 31.3 192z"
                  />
                </svg>
              </div>
            </button>
          </div>
           
        </div>
         
        <div
          class="swatch-wrapper flex-grow svelte-1cmbpwl cursor-pointer"
          style="background-color: hsl(0 0% 50%); width: 104px; height: 104px; border: 2px solid hsla(0 0% 30% / 1)"
          title="Click to open color picker"
        >
          <div
            class="swatch svelte-1cmbpwl"
            style="background-color: hsl(0 0% 50%)"
          />
           
          <div
            class="icon svelte-1cmbpwl"
            title="Click to view X11 color palettes"
          >
            <svg
              aria-hidden="true"
              class="svelte-1ebfv77"
              focusable="false"
              style="width: 0px; height: 0px; position: absolute;"
            >
              <lineargradient
                id="gradient-horizontal"
                x2="1"
                y2="1"
              >
                <stop
                  offset="0%"
                  stop-color="#0044FF"
                />
                <stop
                  offset="50%"
                  stop-color="#76E0C4"
                />
                <stop
                  offset="100%"
                  stop-color="#8CFF1A"
                />
              </lineargradient>
              <lineargradient
                id="gradient-hover"
                x2="1"
                y2="1"
              >
                <stop
                  offset="0%"
                  stop-color="#0036CC"
                />
                <stop
                  offset="50%"
                  stop-color="#4CD6B2"
                />
                <stop
                  offset="100%"
                  stop-color="#73E600"
                />
              </lineargradient>
            </svg>
             
            <svg
              class="svelte-1ebfv77"
              viewBox="0 0 511 512"
              xmlns="http://www.w3.org/2000/svg"
            >
              <path
                d="M479.06 320H372.29L186.15 506.51c-2.06 2.07-4.49 3.58-6.67 5.49h299.58c17.64 0 31.94-14.33 31.94-32V352c0-17.67-14.3-32-31.94-32zm-44.5-152.9l-90.33-90.51c-12.47-12.5-32.69-12.5-45.17 0l-75.5 75.65V416c0 2.96-.67 5.73-.87 8.64l211.87-212.28c12.47-12.5 12.47-32.77 0-45.26zM191.62 32c0-17.67-14.3-32-31.94-32H31.94C14.3 0 0 14.33 0 32v384c0 53.02 42.9 96 95.81 96s95.81-42.98 95.81-96V32zM95.81 440c-13.23 0-23.95-10.75-23.95-24 0-13.26 10.73-24 23.95-24s23.95 10.74 23.95 24c.01 13.25-10.72 24-23.95 24zm31.94-184H63.88v-64h63.88v64zm0-128H63.88V64h63.88v64z"
              />
            </svg>
          </div>
        </div>
      </div>
       
      <div
        class="picker-right-col svelte-1isu17t"
      >
        <div
          class="color-label p-2.5 svelte-vvf2yt"
          style="background-color: var(--white4)"
        >
          <button
            class="flex-initial h-4 w-4 my-auto cursor-pointer svelte-15rom32"
            data-testid="copy-color-string-button"
            id="copy-color-string-button"
            title="Copy Hex value"
            type="button"
          >
            <svg
              class="svelte-q1wtpt"
              viewBox="0 0 448 512"
              xmlns="http://www.w3.org/2000/svg"
            >
              
              <path
                d="M433.941 65.941l-51.882-51.882A48 48 0 0 0 348.118 0H176c-26.51 0-48 21.49-48 48v48H48c-26.51 0-48 21.49-48 48v320c0 26.51 21.49 48 48 48h224c26.51 0 48-21.49 48-48v-48h80c26.51 0 48-21.49 48-48V99.882a48 48 0 0 0-14.059-33.941zM266 464H54a6 6 0 0 1-6-6V150a6 6 0 0 1 6-6h74v224c0 26.51 21.49 48 48 48h96v42a6 6 0 0 1-6 6zm128-96H182a6 6 0 0 1-6-6V54a6 6 0 0 1 6-6h106v88c0 13.255 10.745 24 24 24h88v202a6 6 0 0 1-6 6zm6-256h-64V48h9.632c1.591 0 3.117.632 4.243 1.757l48.368 48.368a6 6 0 0 1 1.757 4.243V112z"
              />
            </svg>
          </button>
           
          <span
            class="cursor-pointer flex-grow text-center self-center font-medium leading-none whitespace-nowrap"
            data-testid="color-string"
            style="font-size: 0.85rem;"
            title="Click to toggle Hex, RGB, and HSL string values"
          >
            #808080
          </span>
           
          <button
            class="flex-initial h-4 w-4 my-auto svelte-15rom32 cursor-pointer"
            data-testid="edit-color-string-button"
            id="edit-color-string-button"
            title="Edit string value"
            type="button"
          >
            <svg
              class="svelte-q1wtpt"
              viewBox="0 0 576 512"
              xmlns="http://www.w3.org/2000/svg"
            >
              
              <path
                d="M402.3 344.9l32-32c5-5 13.7-1.5 13.7 5.7V464c0 26.5-21.5 48-48 48H48c-26.5 0-48-21.5-48-48V112c0-26.5 21.5-48 48-48h273.5c7.1 0 10.7 8.6 5.7 13.7l-32 32c-1.5 1.5-3.5 2.3-5.7 2.3H48v352h352V350.5c0-2.1.8-4.1 2.3-5.6zm156.6-201.8L296.3 405.7l-90.4 10c-26.2 2.9-48.5-19.2-45.6-45.6l10-90.4L432.9 17.1c22.9-22.9 59.9-22.9 82.7 0l43.2 43.2c22.9 22.9 22.9 60 .1 82.8zM460.1 174L402 115.9 216.2 301.8l-7.3 65.3 65.3-7.3L460.1 174zm64.8-79.7l-43.2-43.2c-4.1-4.1-10.8-4.1-14.8 0L436 82l58.1 58.1 30.9-30.9c4-4.2 4-10.8-.1-14.9z"
              />
            </svg>
          </button>
        </div>
         
        <div
          class="text-sm flex flex-col flex-nowrap justify-center items-stretch gap-2"
        >
          <div
            class="flex flex-row flex-nowrap items-center gap-2 svelte-1tdtogt"
          >
            <label
              class="text-right flex-initial font-medium svelte-1tdtogt"
              for="slider"
            >
              R
            </label>
             
            <input
              class="m-0 flex-grow svelte-1tdtogt"
              data-testid="R-slider"
              id="R-slider"
              max="255"
              min="0"
              step="1"
              type="range"
            />
             
            <span
              class="value flex-initial font-medium svelte-1tdtogt"
            >
              128
            </span>
          </div>
           
          <div
            class="flex flex-row flex-nowrap items-center gap-2 svelte-1tdtogt"
          >
            <label
              class="text-right flex-initial font-medium svelte-1tdtogt"
              for="slider"
            >
              G
            </label>
             
            <input
              class="m-0 flex-grow svelte-1tdtogt"
              data-testid="G-slider"
              id="G-slider"
              max="255"
              min="0"
              step="1"
              type="range"
            />
             
            <span
              class="value flex-initial font-medium svelte-1tdtogt"
            >
              128
            </span>
          </div>
           
          <div
            class="flex flex-row flex-nowrap items-center gap-2 svelte-1tdtogt"
          >
            <label
              class="text-right flex-initial font-medium svelte-1tdtogt"
              for="slider"
            >
              B
            </label>
             
            <input
              class="m-0 flex-grow svelte-1tdtogt"
              data-testid="B-slider"
              id="B-slider"
              max="255"
              min="0"
              step="1"
              type="range"
            />
             
            <span
              class="value flex-initial font-medium svelte-1tdtogt"
            >
              128
            </span>
          </div>
           
          <div
            style="width: 100%; height: 20px;"
          />
          
        </div>
      </div>
    </div>
    
  </div>
</body>
`;
